// Jest Snapshot v1, https://goo.gl/fbAQLP

exports[`testing signup component get snapshot 1`] = `
<div
  data-testid="signUp"
>
  <div>
    <div
      className="body"
    >
      <div
        className="header"
      >
        <span
          className="apptitle"
        >
          Bus Booking App
        </span>
      </div>
    </div>
  </div>
  <form
    onSubmit={[Function]}
  >
    <div
      className="base-container"
    >
      <div
        className="MainContainer center"
      >
        <button
          className="button"
          onClick={[Function]}
        >
          Login
        </button>
        <button
          className="button"
        >
          Signup
        </button>
        <div
          className="formheader"
        >
          Signup
        </div>
        <div
          className="form"
        >
          <div>
            <p
              className="error"
            />
            <label
              htmlFor="email"
            >
              User Name
            </label>
            <input
              name="userName"
              onChange={[Function]}
              placeholder="User Name"
              type="text"
            />
            <div
              className="error"
            >
              
            </div>
          </div>
          <div>
            <label
              htmlFor="email"
            >
              Email
            </label>
            <input
              name="email"
              onChange={[Function]}
              placeholder="xyz@domain.com"
              type="text"
            />
            <div
              className="error"
            >
              
            </div>
          </div>
          <div>
            <label
              htmlFor="Mobile"
            >
              Mobile
            </label>
            <input
              name="mobile"
              onChange={[Function]}
              placeholder="MobileNo"
              type="text"
            />
            <div
              className="error"
            >
              
            </div>
          </div>
          <div>
            <label
              htmlFor="password"
            >
              Password
            </label>
            <input
              name="password"
              onChange={[Function]}
              placeholder="Password"
              type="password"
            />
            <div
              className="error"
            >
              
            </div>
          </div>
          <div>
            <label
              htmlFor="confirmPassword"
            >
              Confirm Password
            </label>
            <input
              name="confirmPassword"
              onChange={[Function]}
              placeholder="Confirm Password"
              type="password"
            />
            <div
              className="error"
            >
              
            </div>
          </div>
        </div>
        <div>
          <input
            className="submitbtn"
            type="submit"
          />
        </div>
        <br />
        <div>
           Already have an account?
          <a
            href="/login"
          >
             Login here
          </a>
        </div>
      </div>
    </div>
  </form>
</div>
`;
